Archive member included to satisfy reference by file (symbol)

C:/STM32/STM32CubeIDE_1.19.0/STM32CubeIDE/plugins/com.st.stm32cube.ide.mcu.externaltools.gnu-tools-for-stm32.14.3.rel1.win32_1.0.100.202602081740/tools/bin/../lib/gcc/arm-none-eabi/14.3.1/../../../../arm-none-eabi/lib/thumb/v7e-m+fp/hard\libc_nano.a(libc_a-exit.o)
                              C:/STM32/STM32CubeIDE_1.19.0/STM32CubeIDE/plugins/com.st.stm32cube.ide.mcu.externaltools.gnu-tools-for-stm32.14.3.rel1.win32_1.0.100.202602081740/tools/bin/../lib/gcc/arm-none-eabi/14.3.1/../../../../arm-none-eabi/lib/thumb/v7e-m+fp/hard/crt0.o (exit)
C:/STM32/STM32CubeIDE_1.19.0/STM32CubeIDE/plugins/com.st.stm32cube.ide.mcu.externaltools.gnu-tools-for-stm32.14.3.rel1.win32_1.0.100.202602081740/tools/bin/../lib/gcc/arm-none-eabi/14.3.1/../../../../arm-none-eabi/lib/thumb/v7e-m+fp/hard\libc_nano.a(libc_a-findfp.o)
                              C:/STM32/STM32CubeIDE_1.19.0/STM32CubeIDE/plugins/com.st.stm32cube.ide.mcu.externaltools.gnu-tools-for-stm32.14.3.rel1.win32_1.0.100.202602081740/tools/bin/../lib/gcc/arm-none-eabi/14.3.1/../../../../arm-none-eabi/lib/thumb/v7e-m+fp/hard\libc_nano.a(libc_a-exit.o) (__stdio_exit_handler)
C:/STM32/STM32CubeIDE_1.19.0/STM32CubeIDE/plugins/com.st.stm32cube.ide.mcu.externaltools.gnu-tools-for-stm32.14.3.rel1.win32_1.0.100.202602081740/tools/bin/../lib/gcc/arm-none-eabi/14.3.1/../../../../arm-none-eabi/lib/thumb/v7e-m+fp/hard\libc_nano.a(libc_a-fwalk.o)
                              C:/STM32/STM32CubeIDE_1.19.0/STM32CubeIDE/plugins/com.st.stm32cube.ide.mcu.externaltools.gnu-tools-for-stm32.14.3.rel1.win32_1.0.100.202602081740/tools/bin/../lib/gcc/arm-none-eabi/14.3.1/../../../../arm-none-eabi/lib/thumb/v7e-m+fp/hard\libc_nano.a(libc_a-findfp.o) (_fwalk_sglue)
C:/STM32/STM32CubeIDE_1.19.0/STM32CubeIDE/plugins/com.st.stm32cube.ide.mcu.externaltools.gnu-tools-for-stm32.14.3.rel1.win32_1.0.100.202602081740/tools/bin/../lib/gcc/arm-none-eabi/14.3.1/../../../../arm-none-eabi/lib/thumb/v7e-m+fp/hard\libc_nano.a(libc_a-stdio.o)
                              C:/STM32/STM32CubeIDE_1.19.0/STM32CubeIDE/plugins/com.st.stm32cube.ide.mcu.externaltools.gnu-tools-for-stm32.14.3.rel1.win32_1.0.100.202602081740/tools/bin/../lib/gcc/arm-none-eabi/14.3.1/../../../../arm-none-eabi/lib/thumb/v7e-m+fp/hard\libc_nano.a(libc_a-findfp.o) (__sread)
C:/STM32/STM32CubeIDE_1.19.0/STM32CubeIDE/plugins/com.st.stm32cube.ide.mcu.externaltools.gnu-tools-for-stm32.14.3.rel1.win32_1.0.100.202602081740/tools/bin/../lib/gcc/arm-none-eabi/14.3.1/../../../../arm-none-eabi/lib/thumb/v7e-m+fp/hard\libc_nano.a(libc_a-memset.o)
                              C:/STM32/STM32CubeIDE_1.19.0/STM32CubeIDE/plugins/com.st.stm32cube.ide.mcu.externaltools.gnu-tools-for-stm32.14.3.rel1.win32_1.0.100.202602081740/tools/bin/../lib/gcc/arm-none-eabi/14.3.1/../../../../arm-none-eabi/lib/thumb/v7e-m+fp/hard/crt0.o (memset)
C:/STM32/STM32CubeIDE_1.19.0/STM32CubeIDE/plugins/com.st.stm32cube.ide.mcu.externaltools.gnu-tools-for-stm32.14.3.rel1.win32_1.0.100.202602081740/tools/bin/../lib/gcc/arm-none-eabi/14.3.1/../../../../arm-none-eabi/lib/thumb/v7e-m+fp/hard\libc_nano.a(libc_a-closer.o)
                              C:/STM32/STM32CubeIDE_1.19.0/STM32CubeIDE/plugins/com.st.stm32cube.ide.mcu.externaltools.gnu-tools-for-stm32.14.3.rel1.win32_1.0.100.202602081740/tools/bin/../lib/gcc/arm-none-eabi/14.3.1/../../../../arm-none-eabi/lib/thumb/v7e-m+fp/hard\libc_nano.a(libc_a-stdio.o) (_close_r)
C:/STM32/STM32CubeIDE_1.19.0/STM32CubeIDE/plugins/com.st.stm32cube.ide.mcu.externaltools.gnu-tools-for-stm32.14.3.rel1.win32_1.0.100.202602081740/tools/bin/../lib/gcc/arm-none-eabi/14.3.1/../../../../arm-none-eabi/lib/thumb/v7e-m+fp/hard\libc_nano.a(libc_a-reent.o)
                              C:/STM32/STM32CubeIDE_1.19.0/STM32CubeIDE/plugins/com.st.stm32cube.ide.mcu.externaltools.gnu-tools-for-stm32.14.3.rel1.win32_1.0.100.202602081740/tools/bin/../lib/gcc/arm-none-eabi/14.3.1/../../../../arm-none-eabi/lib/thumb/v7e-m+fp/hard\libc_nano.a(libc_a-closer.o) (errno)
C:/STM32/STM32CubeIDE_1.19.0/STM32CubeIDE/plugins/com.st.stm32cube.ide.mcu.externaltools.gnu-tools-for-stm32.14.3.rel1.win32_1.0.100.202602081740/tools/bin/../lib/gcc/arm-none-eabi/14.3.1/../../../../arm-none-eabi/lib/thumb/v7e-m+fp/hard\libc_nano.a(libc_a-impure.o)
                              C:/STM32/STM32CubeIDE_1.19.0/STM32CubeIDE/plugins/com.st.stm32cube.ide.mcu.externaltools.gnu-tools-for-stm32.14.3.rel1.win32_1.0.100.202602081740/tools/bin/../lib/gcc/arm-none-eabi/14.3.1/../../../../arm-none-eabi/lib/thumb/v7e-m+fp/hard\libc_nano.a(libc_a-reent.o) (_impure_ptr)
C:/STM32/STM32CubeIDE_1.19.0/STM32CubeIDE/plugins/com.st.stm32cube.ide.mcu.externaltools.gnu-tools-for-stm32.14.3.rel1.win32_1.0.100.202602081740/tools/bin/../lib/gcc/arm-none-eabi/14.3.1/../../../../arm-none-eabi/lib/thumb/v7e-m+fp/hard\libc_nano.a(libc_a-lseekr.o)
[...]
Memory Configuration

Name             Origin             Length             Attributes
RAM              0x20000000         0x00020000         xrw
FLASH            0x08000000         0x00080000         xr
*default*        0x00000000         0xffffffff

Linker script and memory map

LOAD C:/STM32/STM32CubeIDE_1.19.0/STM32CubeIDE/plugins/com.st.stm32cube.ide.mcu.externaltools.gnu-tools-for-stm32.14.3.rel1.win32_1.0.100.202602081740/tools/bin/../lib/gcc/arm-none-eabi/14.3.1/thumb/v7e-m+fp/hard/crti.o
LOAD C:/STM32/STM32CubeIDE_1.19.0/STM32CubeIDE/plugins/com.st.stm32cube.ide.mcu.externaltools.gnu-tools-for-stm32.14.3.rel1.win32_1.0.100.202602081740/tools/bin/../lib/gcc/arm-none-eabi/14.3.1/thumb/v7e-m+fp/hard/crtbegin.o
LOAD C:/STM32/STM32CubeIDE_1.19.0/STM32CubeIDE/plugins/com.st.stm32cube.ide.mcu.externaltools.gnu-tools-for-stm32.14.3.rel1.win32_1.0.100.202602081740/tools/bin/../lib/gcc/arm-none-eabi/14.3.1/../../../../arm-none-eabi/lib/thumb/v7e-m+fp/hard/crt0.o
LOAD ./Src/008_spi_rx_tx_aurduino.o
LOAD ./Src/syscalls.o
LOAD ./Src/sysmem.o
LOAD ./Startup/startup_stm32f411ceux.o
LOAD ./bsp/ds1307.o
LOAD ./bsp/lcd.o
LOAD ./drivers/Src/stm32f411cexx_gpio_driver.o
LOAD ./drivers/Src/stm32f411cexx_i2c_driver.o
LOAD ./drivers/Src/stm32f411cexx_rcc_driver.o
LOAD ./drivers/Src/stm32f411cexx_spi_driver.o
START GROUP
LOAD C:/STM32/STM32CubeIDE_1.19.0/STM32CubeIDE/plugins/com.st.stm32cube.ide.mcu.externaltools.gnu-tools-for-stm32.14.3.rel1.win32_1.0.100.202602081740/tools/bin/../lib/gcc/arm-none-eabi/14.3.1/../../../../arm-none-eabi/lib/thumb/v7e-m+fp/hard\libc_nano.a
LOAD C:/STM32/STM32CubeIDE_1.19.0/STM32CubeIDE/plugins/com.st.stm32cube.ide.mcu.externaltools.gnu-tools-for-stm32.14.3.rel1.win32_1.0.100.202602081740/tools/bin/../lib/gcc/arm-none-eabi/14.3.1/../../../../arm-none-eabi/lib/thumb/v7e-m+fp/hard\libm.a
END GROUP
START GROUP
LOAD C:/STM32/STM32CubeIDE_1.19.0/STM32CubeIDE/plugins/com.st.stm32cube.ide.mcu.externaltools.gnu-tools-for-stm32.14.3.rel1.win32_1.0.100.202602081740/tools/bin/../lib/gcc/arm-none-eabi/14.3.1/thumb/v7e-m+fp/hard\libgcc.a
LOAD C:/STM32/STM32CubeIDE_1.19.0/STM32CubeIDE/plugins/com.st.stm32cube.ide.mcu.externaltools.gnu-tools-for-stm32.14.3.rel1.win32_1.0.100.202602081740/tools/bin/../lib/gcc/arm-none-eabi/14.3.1/../../../../arm-none-eabi/lib/thumb/v7e-m+fp/hard\libc_nano.a
END GROUP
START GROUP
LOAD C:/STM32/STM32CubeIDE_1.19.0/STM32CubeIDE/plugins/com.st.stm32cube.ide.mcu.externaltools.gnu-tools-for-stm32.14.3.rel1.win32_1.0.100.202602081740/tools/bin/../lib/gcc/arm-none-eabi/14.3.1/thumb/v7e-m+fp/hard\libgcc.a
LOAD C:/STM32/STM32CubeIDE_1.19.0/STM32CubeIDE/plugins/com.st.stm32cube.ide.mcu.externaltools.gnu-tools-for-stm32.14.3.rel1.win32_1.0.100.202602081740/tools/bin/../lib/gcc/arm-none-eabi/14.3.1/../../../../arm-none-eabi/lib/thumb/v7e-m+fp/hard\libc_nano.a
LOAD C:/STM32/STM32CubeIDE_1.19.0/STM32CubeIDE/plugins/com.st.stm32cube.ide.mcu.externaltools.gnu-tools-for-stm32.14.3.rel1.win32_1.0.100.202602081740/tools/bin/../lib/gcc/arm-none-eabi/14.3.1/../../../../arm-none-eabi/lib/thumb/v7e-m+fp/hard\libnosys.a
END GROUP
START GROUP
LOAD C:/STM32/STM32CubeIDE_1.19.0/STM32CubeIDE/plugins/com.st.stm32cube.ide.mcu.externaltools.gnu-tools-for-stm32.14.3.rel1.win32_1.0.100.202602081740/tools/bin/../lib/gcc/arm-none-eabi/14.3.1/thumb/v7e-m+fp/hard\libgcc.a
LOAD C:/STM32/STM32CubeIDE_1.19.0/STM32CubeIDE/plugins/com.st.stm32cube.ide.mcu.externaltools.gnu-tools-for-stm32.14.3.rel1.win32_1.0.100.202602081740/tools/bin/../lib/gcc/arm-none-eabi/14.3.1/../../../../arm-none-eabi/lib/thumb/v7e-m+fp/hard\libc_nano.a
LOAD C:/STM32/STM32CubeIDE_1.19.0/STM32CubeIDE/plugins/com.st.stm32cube.ide.mcu.externaltools.gnu-tools-for-stm32.14.3.rel1.win32_1.0.100.202602081740/tools/bin/../lib/gcc/arm-none-eabi/14.3.1/../../../../arm-none-eabi/lib/thumb/v7e-m+fp/hard\libnosys.a
END GROUP
LOAD C:/STM32/STM32CubeIDE_1.19.0/STM32CubeIDE/plugins/com.st.stm32cube.ide.mcu.externaltools.gnu-tools-for-stm32.14.3.rel1.win32_1.0.100.202602081740/tools/bin/../lib/gcc/arm-none-eabi/14.3.1/thumb/v7e-m+fp/hard/crtend.o
LOAD C:/STM32/STM32CubeIDE_1.19.0/STM32CubeIDE/plugins/com.st.stm32cube.ide.mcu.externaltools.gnu-tools-for-stm32.14.3.rel1.win32_1.0.100.202602081740/tools/bin/../lib/gcc/arm-none-eabi/14.3.1/thumb/v7e-m+fp/hard/crtn.o
                0x20020000                        _estack = (ORIGIN (RAM) + LENGTH (RAM))
                0x00000200                        _Min_Heap_Size = 0x200
                0x00000400                        _Min_Stack_Size = 0x400

.isr_vector     0x08000000      0x198
                0x08000000                        . = ALIGN (0x4)
 *(.isr_vector)
 .isr_vector    0x08000000      0x198 ./Startup/startup_stm32f411ceux.o
                0x08000000                g_pfnVectors
                0x08000198                        . = ALIGN (0x4)

.text           0x08000198      0xa38
                0x08000198                        . = ALIGN (0x4)
 *(.text)
 .text          0x08000198       0x40 C:/STM32/STM32CubeIDE_1.19.0/STM32CubeIDE/plugins/com.st.stm32cube.ide.mcu.externaltools.gnu-tools-for-stm32.14.3.rel1.win32_1.0.100.202602081740/tools/bin/../lib/gcc/arm-none-eabi/14.3.1/thumb/v7e-m+fp/hard/crtbegin.o
 *(.text*)
 .text.delay    0x080001d8       0x2c ./Src/008_spi_rx_tx_aurduino.o
                0x080001d8                delay
 .text.SPI2_GPIOInits
                0x08000204       0x5c ./Src/008_spi_rx_tx_aurduino.o
                0x08000204                SPI2_GPIOInits
 .text.SPI2_Inits
                0x08000260       0x38 ./Src/008_spi_rx_tx_aurduino.o
                0x08000260                SPI2_Inits
 .text.GPIO_ButtonInit
                0x08000298       0x54 ./Src/008_spi_rx_tx_aurduino.o
                0x08000298                GPIO_ButtonInit
 .text.SPI_VerifyResponse
                0x080002ec       0x22 ./Src/008_spi_rx_tx_aurduino.o
                0x080002ec                SPI_VerifyResponse
 *fill*         0x0800030e        0x2 
 .text.main     0x08000310       0xc0 ./Src/008_spi_rx_tx_aurduino.o
                0x08000310                main
 .text.Reset_Handler
                0x080003d0       0x50 ./Startup/startup_stm32f411ceux.o
                0x080003d0                Reset_Handler
 .text.Default_Handler
                0x08000420        0x2 ./Startup/startup_stm32f411ceux.o
                0x08000420                RTC_Alarm_IRQHandler
                0x08000420                EXTI2_IRQHandler
                0x08000420                DebugMon_Handler
                0x08000420                SPI4_IRQHandler
                0x08000420                TIM1_CC_IRQHandler
                0x08000420                DMA2_Stream5_IRQHandler
                0x08000420                HardFault_Handler
                0x08000420                DMA1_Stream5_IRQHandler
                0x08000420                SysTick_Handler
                0x08000420                PVD_IRQHandler
                0x08000420                SDIO_IRQHandler
                0x08000420                TAMP_STAMP_IRQHandler
                0x08000420                PendSV_Handler
                0x08000420                NMI_Handler
                0x08000420                EXTI3_IRQHandler
                0x08000420                TIM1_UP_TIM10_IRQHandler
                0x08000420                I2C3_ER_IRQHandler
                0x08000420                EXTI0_IRQHandler
                0x08000420                I2C2_EV_IRQHandler
                0x08000420                DMA1_Stream2_IRQHandler
                0x08000420                UsageFault_Handler
                0x08000420                DMA2_Stream2_IRQHandler
                0x08000420                SPI1_IRQHandler
                0x08000420                TIM1_BRK_TIM9_IRQHandler
                0x08000420                DMA2_Stream3_IRQHandler
                0x08000420                USART6_IRQHandler
                0x08000420                DMA2_Stream0_IRQHandler
                0x08000420                TIM4_IRQHandler
                0x08000420                I2C1_EV_IRQHandler
                0x08000420                DMA1_Stream6_IRQHandler
                0x08000420                DMA1_Stream1_IRQHandler
                0x08000420                TIM3_IRQHandler
                0x08000420                RCC_IRQHandler
                0x08000420                Default_Handler
                0x08000420                EXTI15_10_IRQHandler
                0x08000420                ADC_IRQHandler
                0x08000420                DMA1_Stream7_IRQHandler
                0x08000420                SPI5_IRQHandler
                0x08000420                TIM5_IRQHandler
                0x08000420                DMA2_Stream7_IRQHandler
                0x08000420                I2C3_EV_IRQHandler
                0x08000420                EXTI9_5_IRQHandler
                0x08000420                RTC_WKUP_IRQHandler
                0x08000420                SPI2_IRQHandler
                0x08000420                MemManage_Handler
                0x08000420                DMA1_Stream0_IRQHandler
                0x08000420                SVC_Handler
                0x08000420                EXTI4_IRQHandler
                0x08000420                WWDG_IRQHandler
                0x08000420                TIM2_IRQHandler
                0x08000420                OTG_FS_WKUP_IRQHandler
                0x08000420                TIM1_TRG_COM_TIM11_IRQHandler
                0x08000420                EXTI1_IRQHandler
                0x08000420                USART2_IRQHandler
                0x08000420                I2C2_ER_IRQHandler
                0x08000420                DMA2_Stream1_IRQHandler
                0x08000420                FLASH_IRQHandler
                0x08000420                DMA2_Stream4_IRQHandler
                0x08000420                BusFault_Handler
                0x08000420                USART1_IRQHandler
                0x08000420                OTG_FS_IRQHandler
                0x08000420                SPI3_IRQHandler
                0x08000420                DMA1_Stream4_IRQHandler
                0x08000420                I2C1_ER_IRQHandler
                0x08000420                DMA2_Stream6_IRQHandler
                0x08000420                DMA1_Stream3_IRQHandler
 *fill*         0x08000422        0x2 
 .text.GPIO_PeriClockControl
                0x08000424      0x140 ./drivers/Src/stm32f411cexx_gpio_driver.o
                0x08000424                GPIO_PeriClockControl
 .text.GPIO_Init
                0x08000564      0x310 ./drivers/Src/stm32f411cexx_gpio_driver.o
                0x08000564                GPIO_Init
 .text.GPIO_ReadFromInputPin
                0x08000874       0x2c ./drivers/Src/stm32f411cexx_gpio_driver.o
                0x08000874                GPIO_ReadFromInputPin
 .text.SPI_PeriClockControl
                0x080008a0       0xb0 ./drivers/Src/stm32f411cexx_spi_driver.o
                0x080008a0                SPI_PeriClockControl
 .text.SPI_Init
                0x08000950       0xac ./drivers/Src/stm32f411cexx_spi_driver.o
                0x08000950                SPI_Init
 .text.SPI_GetFlagStatus
                0x080009fc       0x28 ./drivers/Src/stm32f411cexx_spi_driver.o
                0x080009fc                SPI_GetFlagStatus
 .text.SPI_SendData
                0x08000a24       0x6e ./drivers/Src/stm32f411cexx_spi_driver.o
                0x08000a24                SPI_SendData
 .text.SPI_ReceiveData
                0x08000a92       0x6e ./drivers/Src/stm32f411cexx_spi_driver.o
                0x08000a92                SPI_ReceiveData
 .text.SPI_PeripheralControl
                0x08000b00       0x38 ./drivers/Src/stm32f411cexx_spi_driver.o
                0x08000b00                SPI_PeripheralControl
 .text.SPI_SSOEConfig
                0x08000b38       0x38 ./drivers/Src/stm32f411cexx_spi_driver.o
                0x08000b38                SPI_SSOEConfig
 .text.__libc_init_array
                0x08000b70       0x48 C:/STM32/STM32CubeIDE_1.19.0/STM32CubeIDE/plugins/com.st.stm32cube.ide.mcu.externaltools.gnu-tools-for-stm32.14.3.rel1.win32_1.0.100.202602081740/tools/bin/../lib/gcc/arm-none-eabi/14.3.1/../../../../arm-none-eabi/lib/thumb/v7e-m+fp/hard\libc_nano.a(libc_a-init.o)
                0x08000b70                __libc_init_array
 *(.glue_7)
 .glue_7        0x08000bb8        0x0 linker stubs
 *(.glue_7t)
 .glue_7t       0x08000bb8        0x0 linker stubs
 *(.eh_frame)
 .eh_frame      0x08000bb8        0x0 C:/STM32/STM32CubeIDE_1.19.0/STM32CubeIDE/plugins/com.st.stm32cube.ide.mcu.externaltools.gnu-tools-for-stm32.14.3.rel1.win32_1.0.100.202602081740/tools/bin/../lib/gcc/arm-none-eabi/14.3.1/thumb/v7e-m+fp/hard/crtbegin.o
 *(.init)
 .init          0x08000bb8        0x4 C:/STM32/STM32CubeIDE_1.19.0/STM32CubeIDE/plugins/com.st.stm32cube.ide.mcu.externaltools.gnu-tools-for-stm32.14.3.rel1.win32_1.0.100.202602081740/tools/bin/../lib/gcc/arm-none-eabi/14.3.1/thumb/v7e-m+fp/hard/crti.o
                0x08000bb8                _init
 .init          0x08000bbc        0x8 C:/STM32/STM32CubeIDE_1.19.0/STM32CubeIDE/plugins/com.st.stm32cube.ide.mcu.externaltools.gnu-tools-for-stm32.14.3.rel1.win32_1.0.100.202602081740/tools/bin/../lib/gcc/arm-none-eabi/14.3.1/thumb/v7e-m+fp/hard/crtn.o
 *(.fini)
 .fini          0x08000bc4        0x4 C:/STM32/STM32CubeIDE_1.19.0/STM32CubeIDE/plugins/com.st.stm32cube.ide.mcu.externaltools.gnu-tools-for-stm32.14.3.rel1.win32_1.0.100.202602081740/tools/bin/../lib/gcc/arm-none-eabi/14.3.1/thumb/v7e-m+fp/hard/crti.o
                0x08000bc4                _fini
 .fini          0x08000bc8        0x8 C:/STM32/STM32CubeIDE_1.19.0/STM32CubeIDE/plugins/com.st.stm32cube.ide.mcu.externaltools.gnu-tools-for-stm32.14.3.rel1.win32_1.0.100.202602081740/tools/bin/../lib/gcc/arm-none-eabi/14.3.1/thumb/v7e-m+fp/hard/crtn.o
                0x08000bd0                        . = ALIGN (0x4)
                0x08000bd0                        _etext = .

.vfp11_veneer   0x08000bd0        0x0
 .vfp11_veneer  0x08000bd0        0x0 linker stubs

.v4_bx          0x08000bd0        0x0
 .v4_bx         0x08000bd0        0x0 linker stubs

.iplt           0x08000bd0        0x0
 .iplt          0x08000bd0        0x0 C:/STM32/STM32CubeIDE_1.19.0/STM32CubeIDE/plugins/com.st.stm32cube.ide.mcu.externaltools.gnu-tools-for-stm32.14.3.rel1.win32_1.0.100.202602081740/tools/bin/../lib/gcc/arm-none-eabi/14.3.1/thumb/v7e-m+fp/hard/crtbegin.o

.rodata         0x08000bd0        0x0
                0x08000bd0                        . = ALIGN (0x4)
 *(.rodata)
 *(.rodata*)
                0x08000bd0                        . = ALIGN (0x4)

.ARM.extab      0x08000bd0        0x0
                0x08000bd0                        . = ALIGN (0x4)
 *(.ARM.extab* .gnu.linkonce.armextab.*)
                0x08000bd0                        . = ALIGN (0x4)

.ARM            0x08000bd0        0x0
                0x08000bd0                        . = ALIGN (0x4)
                0x08000bd0                        __exidx_start = .
 *(.ARM.exidx*)
                0x08000bd0                        __exidx_end = .
                0x08000bd0                        . = ALIGN (0x4)

.preinit_array  0x08000bd0        0x0
                0x08000bd0                        . = ALIGN (0x4)
                0x08000bd0                        PROVIDE (__preinit_array_start = .)
 *(.preinit_array*)
                0x08000bd0                        PROVIDE (__preinit_array_end = .)
                0x08000bd0                        . = ALIGN (0x4)

.init_array     0x08000bd0        0x4
                0x08000bd0                        . = ALIGN (0x4)
                0x08000bd0                        PROVIDE (__init_array_start = .)
 *(SORT_BY_NAME(.init_array.*))
 *(.init_array*)
 .init_array    0x08000bd0        0x4 C:/STM32/STM32CubeIDE_1.19.0/STM32CubeIDE/plugins/com.st.stm32cube.ide.mcu.externaltools.gnu-tools-for-stm32.14.3.rel1.win32_1.0.100.202602081740/tools/bin/../lib/gcc/arm-none-eabi/14.3.1/thumb/v7e-m+fp/hard/crtbegin.o
                0x08000bd4                        PROVIDE (__init_array_end = .)
                0x08000bd4                        . = ALIGN (0x4)

.fini_array     0x08000bd4        0x4
                0x08000bd4                        . = ALIGN (0x4)
                [!provide]                        PROVIDE (__fini_array_start = .)
 *(SORT_BY_NAME(.fini_array.*))
 *(.fini_array*)
 .fini_array    0x08000bd4        0x4 C:/STM32/STM32CubeIDE_1.19.0/STM32CubeIDE/plugins/com.st.stm32cube.ide.mcu.externaltools.gnu-tools-for-stm32.14.3.rel1.win32_1.0.100.202602081740/tools/bin/../lib/gcc/arm-none-eabi/14.3.1/thumb/v7e-m+fp/hard/crtbegin.o
                [!provide]                        PROVIDE (__fini_array_end = .)
                0x08000bd8                        . = ALIGN (0x4)
                0x08000bd8                        _sidata = LOADADDR (.data)

.rel.dyn        0x08000bd8        0x0
 .rel.iplt      0x08000bd8        0x0 C:/STM32/STM32CubeIDE_1.19.0/STM32CubeIDE/plugins/com.st.stm32cube.ide.mcu.externaltools.gnu-tools-for-stm32.14.3.rel1.win32_1.0.100.202602081740/tools/bin/../lib/gcc/arm-none-eabi/14.3.1/thumb/v7e-m+fp/hard/crtbegin.o

.data           0x20000000        0x0 load address 0x08000bd8
                0x20000000                        . = ALIGN (0x4)
                0x20000000                        _sdata = .
 *(.data)
 *(.data*)
 *(.RamFunc)
 *(.RamFunc*)
                0x20000000                        . = ALIGN (0x4)
                0x20000000                        _edata = .

.igot.plt       0x20000000        0x0 load address 0x08000bd8
 .igot.plt      0x20000000        0x0 C:/STM32/STM32CubeIDE_1.19.0/STM32CubeIDE/plugins/com.st.stm32cube.ide.mcu.externaltools.gnu-tools-for-stm32.14.3.rel1.win32_1.0.100.202602081740/tools/bin/../lib/gcc/arm-none-eabi/14.3.1/thumb/v7e-m+fp/hard/crtbegin.o
                0x20000000                        . = ALIGN (0x4)

.bss            0x20000000       0x1c load address 0x08000bd8
                0x20000000                        _sbss = .
                0x20000000                        __bss_start__ = _sbss
 *(.bss)
 .bss           0x20000000       0x1c C:/STM32/STM32CubeIDE_1.19.0/STM32CubeIDE/plugins/com.st.stm32cube.ide.mcu.externaltools.gnu-tools-for-stm32.14.3.rel1.win32_1.0.100.202602081740/tools/bin/../lib/gcc/arm-none-eabi/14.3.1/thumb/v7e-m+fp/hard/crtbegin.o
 *(.bss*)
 *(COMMON)
                0x2000001c                        . = ALIGN (0x4)
                0x2000001c                        _ebss = .
                0x2000001c                        __bss_end__ = _ebss

._user_heap_stack
                0x2000001c      0x604 load address 0x08000bd8
                0x20000020                        . = ALIGN (0x8)
 *fill*         0x2000001c        0x4 
                [!provide]                        PROVIDE (end = .)
                0x20000020                        PROVIDE (_end = .)
                0x20000220                        . = (. + _Min_Heap_Size)
 *fill*         0x20000020      0x200 
                0x20000620                        . = (. + _Min_Stack_Size)
 *fill*         0x20000220      0x400 
                0x20000620                        . = ALIGN (0x8)

/DISCARD/
 libc.a(*)
 libm.a(*)
 libgcc.a(*)

.ARM.attributes
                0x00000000       0x30
 *(.ARM.attributes)
 .ARM.attributes
                0x00000000       0x22 C:/STM32/STM32CubeIDE_1.19.0/STM32CubeIDE/plugins/com.st.stm32cube.ide.mcu.externaltools.gnu-tools-for-stm32.14.3.rel1.win32_1.0.100.202602081740/tools/bin/../lib/gcc/arm-none-eabi/14.3.1/thumb/v7e-m+fp/hard/crti.o
 .ARM.attributes
                0x00000022       0x34 C:/STM32/STM32CubeIDE_1.19.0/STM32CubeIDE/plugins/com.st.stm32cube.ide.mcu.externaltools.gnu-tools-for-stm32.14.3.rel1.win32_1.0.100.202602081740/tools/bin/../lib/gcc/arm-none-eabi/14.3.1/thumb/v7e-m+fp/hard/crtbegin.o
 .ARM.attributes
                0x00000056       0x34 ./Src/008_spi_rx_tx_aurduino.o
 .ARM.attributes
                0x0000008a       0x21 ./Startup/startup_stm32f411ceux.o
 .ARM.attributes
                0x000000ab       0x34 ./drivers/Src/stm32f411cexx_gpio_driver.o
 .ARM.attributes
                0x000000df       0x34 ./drivers/Src/stm32f411cexx_spi_driver.o
 .ARM.attributes
                0x00000113       0x34 C:/STM32/STM32CubeIDE_1.19.0/STM32CubeIDE/plugins/com.st.stm32cube.ide.mcu.externaltools.gnu-tools-for-stm32.14.3.rel1.win32_1.0.100.202602081740/tools/bin/../lib/gcc/arm-none-eabi/14.3.1/../../../../arm-none-eabi/lib/thumb/v7e-m+fp/hard\libc_nano.a(libc_a-init.o)
 .ARM.attributes
                0x00000147       0x22 C:/STM32/STM32CubeIDE_1.19.0/STM32CubeIDE/plugins/com.st.stm32cube.ide.mcu.externaltools.gnu-tools-for-stm32.14.3.rel1.win32_1.0.100.202602081740/tools/bin/../lib/gcc/arm-none-eabi/14.3.1/thumb/v7e-m+fp/hard/crtn.o
OUTPUT(stm32f411xx_drivers.elf elf32-littlearm)
LOAD linker stubs
LOAD C:/STM32/STM32CubeIDE_1.19.0/STM32CubeIDE/plugins/com.st.stm32cube.ide.mcu.externaltools.gnu-tools-for-stm32.14.3.rel1.win32_1.0.100.202602081740/tools/bin/../lib/gcc/arm-none-eabi/14.3.1/../../../../arm-none-eabi/lib/thumb/v7e-m+fp/hard\libc.a
LOAD C:/STM32/STM32CubeIDE_1.19.0/STM32CubeIDE/plugins/com.st.stm32cube.ide.mcu.externaltools.gnu-tools-for-stm32.14.3.rel1.win32_1.0.100.202602081740/tools/bin/../lib/gcc/arm-none-eabi/14.3.1/../../../../arm-none-eabi/lib/thumb/v7e-m+fp/hard\libm.a
LOAD C:/STM32/STM32CubeIDE_1.19.0/STM32CubeIDE/plugins/com.st.stm32cube.ide.mcu.externaltools.gnu-tools-for-stm32.14.3.rel1.win32_1.0.100.202602081740/tools/bin/../lib/gcc/arm-none-eabi/14.3.1/thumb/v7e-m+fp/hard\libgcc.a

.debug_info     0x00000000     0x15eb
 .debug_info    0x00000000      0x561 ./Src/008_spi_rx_tx_aurduino.o
 .debug_info    0x00000561       0x30 ./Startup/startup_stm32f411ceux.o
 .debug_info    0x00000591      0x79e ./drivers/Src/stm32f411cexx_gpio_driver.o
 .debug_info    0x00000d2f      0x8bc ./drivers/Src/stm32f411cexx_spi_driver.o

.debug_abbrev   0x00000000      0x4f5
 .debug_abbrev  0x00000000      0x175 ./Src/008_spi_rx_tx_aurduino.o
 .debug_abbrev  0x00000175       0x24 ./Startup/startup_stm32f411ceux.o
 .debug_abbrev  0x00000199      0x193 ./drivers/Src/stm32f411cexx_gpio_driver.o
 .debug_abbrev  0x0000032c      0x1c9 ./drivers/Src/stm32f411cexx_spi_driver.o

.debug_aranges  0x00000000      0x1a0
 .debug_aranges
                0x00000000       0x48 ./Src/008_spi_rx_tx_aurduino.o
 .debug_aranges
                0x00000048       0x28 ./Startup/startup_stm32f411ceux.o
 .debug_aranges
                0x00000070       0x70 ./drivers/Src/stm32f411cexx_gpio_driver.o
 .debug_aranges
                0x000000e0       0xc0 ./drivers/Src/stm32f411cexx_spi_driver.o

.debug_rnglists
                0x00000000      0x12f
 .debug_rnglists
                0x00000000       0x32 ./Src/008_spi_rx_tx_aurduino.o
 .debug_rnglists
                0x00000032       0x19 ./Startup/startup_stm32f411ceux.o
 .debug_rnglists
                0x0000004b       0x53 ./drivers/Src/stm32f411cexx_gpio_driver.o
 .debug_rnglists
                0x0000009e       0x91 ./drivers/Src/stm32f411cexx_spi_driver.o

.debug_macro    0x00000000     0x2814
 .debug_macro   0x00000000      0x20d ./Src/008_spi_rx_tx_aurduino.o
 .debug_macro   0x0000020d      0xade ./Src/008_spi_rx_tx_aurduino.o
 .debug_macro   0x00000ceb       0x22 ./Src/008_spi_rx_tx_aurduino.o
 .debug_macro   0x00000d0d       0x5b ./Src/008_spi_rx_tx_aurduino.o
 .debug_macro   0x00000d68       0x2a ./Src/008_spi_rx_tx_aurduino.o
 .debug_macro   0x00000d92       0x94 ./Src/008_spi_rx_tx_aurduino.o
 .debug_macro   0x00000e26       0x43 ./Src/008_spi_rx_tx_aurduino.o
 .debug_macro   0x00000e69       0x34 ./Src/008_spi_rx_tx_aurduino.o
 .debug_macro   0x00000e9d       0x16 ./Src/008_spi_rx_tx_aurduino.o
 .debug_macro   0x00000eb3       0x57 ./Src/008_spi_rx_tx_aurduino.o
 .debug_macro   0x00000f0a       0x9e ./Src/008_spi_rx_tx_aurduino.o
 .debug_macro   0x00000fa8      0x364 ./Src/008_spi_rx_tx_aurduino.o
 .debug_macro   0x0000130c      0x112 ./Src/008_spi_rx_tx_aurduino.o
 .debug_macro   0x0000141e       0x10 ./Src/008_spi_rx_tx_aurduino.o
 .debug_macro   0x0000142e       0x16 ./Src/008_spi_rx_tx_aurduino.o
 .debug_macro   0x00001444       0x4a ./Src/008_spi_rx_tx_aurduino.o
 .debug_macro   0x0000148e       0x34 ./Src/008_spi_rx_tx_aurduino.o
 .debug_macro   0x000014c2       0x10 ./Src/008_spi_rx_tx_aurduino.o
 .debug_macro   0x000014d2       0x58 ./Src/008_spi_rx_tx_aurduino.o
 .debug_macro   0x0000152a       0x8e ./Src/008_spi_rx_tx_aurduino.o
 .debug_macro   0x000015b8       0x1c ./Src/008_spi_rx_tx_aurduino.o
 .debug_macro   0x000015d4      0x17e ./Src/008_spi_rx_tx_aurduino.o
 .debug_macro   0x00001752       0x16 ./Src/008_spi_rx_tx_aurduino.o
 .debug_macro   0x00001768       0x16 ./Src/008_spi_rx_tx_aurduino.o
 .debug_macro   0x0000177e      0x146 ./Src/008_spi_rx_tx_aurduino.o
 .debug_macro   0x000018c4       0x16 ./Src/008_spi_rx_tx_aurduino.o
 .debug_macro   0x000018da       0x3c ./Src/008_spi_rx_tx_aurduino.o
 .debug_macro   0x00001916       0x20 ./Src/008_spi_rx_tx_aurduino.o
 .debug_macro   0x00001936      0x103 ./Src/008_spi_rx_tx_aurduino.o
 .debug_macro   0x00001a39       0x6a ./Src/008_spi_rx_tx_aurduino.o
 .debug_macro   0x00001aa3      0x1df ./Src/008_spi_rx_tx_aurduino.o
 .debug_macro   0x00001c82      0x5da ./Src/008_spi_rx_tx_aurduino.o
 .debug_macro   0x0000225c       0xc4 ./Src/008_spi_rx_tx_aurduino.o
 .debug_macro   0x00002320       0xcb ./Src/008_spi_rx_tx_aurduino.o
 .debug_macro   0x000023eb       0xd0 ./Src/008_spi_rx_tx_aurduino.o
 .debug_macro   0x000024bb      0x106 ./Src/008_spi_rx_tx_aurduino.o
 .debug_macro   0x000025c1       0xc7 ./drivers/Src/stm32f411cexx_gpio_driver.o
 .debug_macro   0x00002688       0xc5 ./drivers/Src/stm32f411cexx_gpio_driver.o
 .debug_macro   0x0000274d       0xc7 ./drivers/Src/stm32f411cexx_spi_driver.o

.debug_line     0x00000000     0x1cd9
 .debug_line    0x00000000      0x7c9 ./Src/008_spi_rx_tx_aurduino.o
 .debug_line    0x000007c9       0x7b ./Startup/startup_stm32f411ceux.o
 .debug_line    0x00000844      0xa0f ./drivers/Src/stm32f411cexx_gpio_driver.o
 .debug_line    0x00001253      0xa86 ./drivers/Src/stm32f411cexx_spi_driver.o

.debug_str      0x00000000     0xa44a
 .debug_str     0x00000000     0xa44a ./Src/008_spi_rx_tx_aurduino.o
                               0xa182 (size before relaxing)
 .debug_str     0x0000a44a       0x69 ./Startup/startup_stm32f411ceux.o
 .debug_str     0x0000a44a     0x6a11 ./drivers/Src/stm32f411cexx_gpio_driver.o
 .debug_str     0x0000a44a     0x6a8a ./drivers/Src/stm32f411cexx_spi_driver.o

.comment        0x00000000       0x43
 .comment       0x00000000       0x43 ./Src/008_spi_rx_tx_aurduino.o
                                 0x44 (size before relaxing)
 .comment       0x00000043       0x44 ./drivers/Src/stm32f411cexx_gpio_driver.o
 .comment       0x00000043       0x44 ./drivers/Src/stm32f411cexx_spi_driver.o

.debug_frame    0x00000000      0x5b4
 .debug_frame   0x00000000       0xe4 ./Src/008_spi_rx_tx_aurduino.o
 .debug_frame   0x000000e4      0x1a0 ./drivers/Src/stm32f411cexx_gpio_driver.o
 .debug_frame   0x00000284      0x304 ./drivers/Src/stm32f411cexx_spi_driver.o
 .debug_frame   0x00000588       0x2c C:/STM32/STM32CubeIDE_1.19.0/STM32CubeIDE/plugins/com.st.stm32cube.ide.mcu.externaltools.gnu-tools-for-stm32.14.3.rel1.win32_1.0.100.202602081740/tools/bin/../lib/gcc/arm-none-eabi/14.3.1/../../../../arm-none-eabi/lib/thumb/v7e-m+fp/hard\libc_nano.a(libc_a-init.o)

.debug_line_str
                0x00000000       0x4d
 .debug_line_str
                0x00000000       0x4d ./Startup/startup_stm32f411ceux.o
