../bsp/ds1307.c:30:9:ds1307_init	16	static
../bsp/ds1307.c:53:6:ds1307_set_current_time	24	static
../bsp/ds1307.c:77:6:ds1307_set_current_date	16	static
../bsp/ds1307.c:89:6:ds1307_get_current_time	24	static
../bsp/ds1307.c:119:13:ds1307_i2c_pin_config	32	static
../bsp/ds1307.c:154:13:ds1307_i2c_config	8	static
../bsp/ds1307.c:163:13:ds1307_write	32	static
../bsp/ds1307.c:172:16:ds1307_read	32	static
../bsp/ds1307.c:181:16:binary_to_bcd	24	static
../bsp/ds1307.c:197:16:bcd_to_binary	24	static
