../Src/syscalls.c:51:6:ITM_SendChar	16	static
../Src/syscalls.c:84:6:initialise_monitor_handles	4	static
../Src/syscalls.c:88:5:_getpid	4	static
../Src/syscalls.c:93:5:_kill	16	static
../Src/syscalls.c:101:6:_exit	16	static
../Src/syscalls.c:107:27:_read	32	static
../Src/syscalls.c:120:27:_write	32	static
../Src/syscalls.c:134:5:_close	16	static
../Src/syscalls.c:141:5:_fstat	16	static
../Src/syscalls.c:148:5:_isatty	16	static
../Src/syscalls.c:154:5:_lseek	24	static
../Src/syscalls.c:162:5:_open	12	static
../Src/syscalls.c:170:5:_wait	16	static
../Src/syscalls.c:177:5:_unlink	16	static
../Src/syscalls.c:184:5:_times	16	static
../Src/syscalls.c:190:5:_stat	16	static
../Src/syscalls.c:197:5:_link	16	static
../Src/syscalls.c:205:5:_fork	8	static
../Src/syscalls.c:211:5:_execve	24	static
