C51 COMPILER V9.60.7.0   LED_BLINK_EXT                                                     08/19/2025 22:53:29 PAGE 1   


C51 COMPILER V9.60.7.0, COMPILATION OF MODULE LED_BLINK_EXT
OBJECT MODULE PLACED IN .\Objects\LED_BLINK_EXT.obj
COMPILER INVOKED BY: C:\Keil_v5\C51\BIN\C51.EXE LED_BLINK_EXT.c OPTIMIZE(8,SPEED) BROWSE DEBUG OBJECTEXTEND PRINT(.\List
                    -ings\LED_BLINK_EXT.lst) TABS(2) OBJECT(.\Objects\LED_BLINK_EXT.obj)

line level    source

   1          #include<reg51.h>
   2          
   3          sbit led1 = P1^1; //1st LED connected to the Port1.1
   4          sbit led2 = P1^2;  //2nd LED connected to the Port1.2
   5          sbit led3 = P1^3;  //3rd LED connected to the Port1.3
   6          
   7          void delay(unsigned int x){ 
   8   1        int i,j;
   9   1        for(i=0;i>x;i++){ // loop provides the delay
  10   2          for(j=0;j>1275;j++); //not exactly 1ms
  11   2        }
  12   1      }
  13          
  14          unsigned int count = 0; // intialize the count as a intiger
  15          void Ext1_intr() interrupt 2 {  // declare the interrupt 1
  16   1        delay(20);     //for debouncing problem this is mainly faced in hardware
  17   1        count++;             // incremeting the count value when the buttun pressed
  18   1        if(count==1){      // count equal 1 this condition is true
  19   2          led1=1;led2=0;led3=0;; // led1 will be high while others are low
  20   2        }
  21   1        else if(count==2){  // count=2 this condition is true
  22   2          led1=0;led2=1;led3=0; // led2 will be high while others are low
  23   2        }
  24   1        else if(count==3){// count=3 this condition is true
  25   2          led1=0;led2=0;led3=1; //led3 will be high while other are low
  26   2        }
  27   1        else if (count==4){// count=4 this condition is true
  28   2          led1=1;led2=1;led3=1; // All led's are high
  29   2        }
  30   1        else{ // above condition not true other than this condition is executed
  31   2          // this condition mainly use for after completing 4 count's led's goes to initial state
  32   2          led1=0;led2=0;led3=0; // all led's are low
  33   2          count = 0;// count will be asusual 0
  34   2        }
  35   1      }
  36          void main(){
  37   1        led1=0;led2=0;led3=0;// when the led's are low in the initial state
  38   1        IE = 0x84; //1000 0100 enable the external interrupt 1 EA=1 and EX1=1
  39   1        IT1 = 1; // falling edge triggered 
  40   1        while(1); // work is interrupt driven
  41   1      }


MODULE INFORMATION:   STATIC OVERLAYABLE
   CODE SIZE        =    177    ----
   CONSTANT SIZE    =   ----    ----
   XDATA SIZE       =   ----    ----
   PDATA SIZE       =   ----    ----
   DATA SIZE        =      2    ----
   IDATA SIZE       =   ----    ----
   BIT SIZE         =   ----    ----
END OF MODULE INFORMATION.


C51 COMPILATION COMPLETE.  0 WARNING(S),  0 ERROR(S)
