BL51 BANKED LINKER/LOCATER V6.22.4.0                                                    08/19/2025  22:53:29  PAGE 1


BL51 BANKED LINKER/LOCATER V6.22.4.0, INVOKED BY:
C:\KEIL_V5\C51\BIN\BL51.EXE .\Objects\STARTUP.obj, .\Objects\LED_BLINK_EXT.obj TO .\Objects\LED_BUTTON_INTR PRINT (.\Lis
>> tings\LED_BUTTON_INTR.m51)


MEMORY MODEL: SMALL


INPUT MODULES INCLUDED:
  .\Objects\STARTUP.obj (?C_STARTUP)
  .\Objects\LED_BLINK_EXT.obj (LED_BLINK_EXT)
  C:\KEIL_V5\C51\LIB\C51S.LIB (?C_INIT)


LINK MAP OF MODULE:  .\Objects\LED_BUTTON_INTR (?C_STARTUP)


            TYPE    BASE      LENGTH    RELOCATION   SEGMENT NAME
            -----------------------------------------------------

            * * * * * * *   D A T A   M E M O R Y   * * * * * * *
            REG     0000H     0008H     ABSOLUTE     "REG BANK 0"
            DATA    0008H     0002H     UNIT         ?DT?LED_BLINK_EXT
            IDATA   000AH     0001H     UNIT         ?STACK

            * * * * * * *   C O D E   M E M O R Y   * * * * * * *
            CODE    0000H     0003H     ABSOLUTE     
                    0003H     0010H                  *** GAP ***
            CODE    0013H     0003H     ABSOLUTE     
                    0016H     07EAH                  *** GAP ***
            CODE    0800H     008CH     UNIT         ?C_C51STARTUP
            CODE    088CH     007DH     UNIT         ?PR?EXT1_INTR?LED_BLINK_EXT
            CODE    0909H     0027H     UNIT         ?PR?_DELAY?LED_BLINK_EXT
            CODE    0930H     000DH     UNIT         ?PR?MAIN?LED_BLINK_EXT
            CODE    093DH     0005H     UNIT         ?C_INITSEG



OVERLAY MAP OF MODULE:   .\Objects\LED_BUTTON_INTR (?C_STARTUP)


SEGMENT
  +--> CALLED SEGMENT
---------------------
?C_C51STARTUP
  +--> ?PR?MAIN?LED_BLINK_EXT
  +--> ?C_INITSEG

*** NEW ROOT ***************************************************

?PR?EXT1_INTR?LED_BLINK_EXT
  +--> ?PR?_DELAY?LED_BLINK_EXT



SYMBOL TABLE OF MODULE:  .\Objects\LED_BUTTON_INTR (?C_STARTUP)

  VALUE           TYPE          NAME
BL51 BANKED LINKER/LOCATER V6.22.4.0                                                  08/19/2025  22:53:29  PAGE 2


  ----------------------------------

  -------         MODULE        ?C_STARTUP
  C:0800H         SEGMENT       ?C_C51STARTUP
  I:000AH         SEGMENT       ?STACK
  C:0000H         PUBLIC        ?C_STARTUP
  D:00E0H         SYMBOL        ACC
  D:00F0H         SYMBOL        B
  D:0083H         SYMBOL        DPH
  D:0082H         SYMBOL        DPL
  N:0000H         SYMBOL        IBPSTACK
  N:0100H         SYMBOL        IBPSTACKTOP
  N:0080H         SYMBOL        IDATALEN
  C:0803H         SYMBOL        IDATALOOP
  N:0000H         SYMBOL        PBPSTACK
  N:0100H         SYMBOL        PBPSTACKTOP
  N:0000H         SYMBOL        PDATALEN
  N:0000H         SYMBOL        PDATASTART
  N:0000H         SYMBOL        PPAGE
  N:0000H         SYMBOL        PPAGEENABLE
  D:00A0H         SYMBOL        PPAGE_SFR
  D:0081H         SYMBOL        SP
  C:0800H         SYMBOL        STARTUP1
  N:0000H         SYMBOL        XBPSTACK
  N:0000H         SYMBOL        XBPSTACKTOP
  N:0000H         SYMBOL        XDATALEN
  N:0000H         SYMBOL        XDATASTART
  C:0000H         LINE#         126
  C:0800H         LINE#         133
  C:0802H         LINE#         134
  C:0803H         LINE#         135
  C:0804H         LINE#         136
  C:0806H         LINE#         185
  C:0809H         LINE#         196
  -------         ENDMOD        ?C_STARTUP

  -------         MODULE        LED_BLINK_EXT
  C:0000H         SYMBOL        _ICE_DUMMY_
  D:0090H         PUBLIC        P1
  C:088CH         PUBLIC        Ext1_intr
  D:00A8H         PUBLIC        IE
  C:0909H         PUBLIC        _delay
  C:0930H         PUBLIC        main
  D:0008H         PUBLIC        count
  B:0088H.2       PUBLIC        IT1
  B:0090H.1       PUBLIC        led1
  B:0090H.2       PUBLIC        led2
  B:0090H.3       PUBLIC        led3
  -------         PROC          _DELAY
  D:0006H         SYMBOL        x
  -------         DO            
  D:0004H         SYMBOL        i
  D:0002H         SYMBOL        j
  -------         ENDDO         
  C:0909H         LINE#         7
  C:0909H         LINE#         9
  C:0913H         LINE#         10
BL51 BANKED LINKER/LOCATER V6.22.4.0                                                  08/19/2025  22:53:29  PAGE 3


  C:0928H         LINE#         11
  C:092FH         LINE#         12
  -------         ENDPROC       _DELAY
  -------         PROC          EXT1_INTR
  C:088CH         LINE#         15
  C:089FH         LINE#         16
  C:08A6H         LINE#         17
  C:08AEH         LINE#         18
  C:08B4H         LINE#         19
  C:08BAH         LINE#         20
  C:08BCH         LINE#         21
  C:08C4H         LINE#         22
  C:08CAH         LINE#         23
  C:08CCH         LINE#         24
  C:08D4H         LINE#         25
  C:08DAH         LINE#         26
  C:08DCH         LINE#         27
  C:08E4H         LINE#         28
  C:08EAH         LINE#         29
  C:08ECH         LINE#         30
  C:08ECH         LINE#         32
  C:08F2H         LINE#         33
  C:08F8H         LINE#         34
  C:08F8H         LINE#         35
  -------         ENDPROC       EXT1_INTR
  -------         PROC          MAIN
  C:0930H         LINE#         36
  C:0930H         LINE#         37
  C:0936H         LINE#         38
  C:0939H         LINE#         39
  C:093BH         LINE#         40
  -------         ENDPROC       MAIN
  -------         ENDMOD        LED_BLINK_EXT

******************************************************************************
* RESTRICTED VERSION WITH 0800H BYTE CODE SIZE LIMIT; USED: 00C7H BYTE ( 9%) *
******************************************************************************

Program Size: data=11.0 xdata=0 code=328
LINK/LOCATE RUN COMPLETE.  0 WARNING(S),  0 ERROR(S)
