BL51 BANKED LINKER/LOCATER V6.22.4.0                                                    08/06/2025  23:48:28  PAGE 1


BL51 BANKED LINKER/LOCATER V6.22.4.0, INVOKED BY:
C:\KEIL_V5\C51\BIN\BL51.EXE .\Objects\STARTUP.obj, .\Objects\lcd_init.obj TO .\Objects\lcd_init PRINT (.\Listings\lcd_in
>> it.m51)


MEMORY MODEL: SMALL


INPUT MODULES INCLUDED:
  .\Objects\STARTUP.obj (?C_STARTUP)
  .\Objects\lcd_init.obj (LCD_INIT)
  C:\KEIL_V5\C51\LIB\C51S.LIB (?C?CLDPTR)


LINK MAP OF MODULE:  .\Objects\lcd_init (?C_STARTUP)


            TYPE    BASE      LENGTH    RELOCATION   SEGMENT NAME
            -----------------------------------------------------

            * * * * * * *   D A T A   M E M O R Y   * * * * * * *
            REG     0000H     0008H     ABSOLUTE     "REG BANK 0"
            DATA    0008H     0003H     UNIT         _DATA_GROUP_
            IDATA   000BH     0001H     UNIT         ?STACK

            * * * * * * *   C O D E   M E M O R Y   * * * * * * *
            CODE    0000H     0003H     ABSOLUTE     
                    0003H     07FDH                  *** GAP ***
            CODE    0800H     0026H     UNIT         ?PR?_DELAY?LCD_INIT
            CODE    0826H     0025H     UNIT         ?PR?_PRINT?LCD_INIT
            CODE    084BH     001AH     UNIT         ?PR?MAIN?LCD_INIT
            CODE    0865H     0019H     UNIT         ?C?LIB_CODE
            CODE    087EH     0016H     UNIT         ?CO?LCD_INIT
            CODE    0894H     0014H     UNIT         ?PR?LCD_INIT?LCD_INIT
            CODE    08A8H     000CH     UNIT         ?C_C51STARTUP
            CODE    08B4H     000AH     UNIT         ?PR?_CMD?LCD_INIT
            CODE    08BEH     000AH     UNIT         ?PR?_STR?LCD_INIT



OVERLAY MAP OF MODULE:   .\Objects\lcd_init (?C_STARTUP)


SEGMENT                          DATA_GROUP 
  +--> CALLED SEGMENT          START    LENGTH
----------------------------------------------
?C_C51STARTUP                  -----    -----
  +--> ?PR?MAIN?LCD_INIT

?PR?MAIN?LCD_INIT              -----    -----
  +--> ?PR?LCD_INIT?LCD_INIT
  +--> ?CO?LCD_INIT
  +--> ?PR?_PRINT?LCD_INIT
  +--> ?PR?_CMD?LCD_INIT

?PR?LCD_INIT?LCD_INIT          -----    -----
  +--> ?PR?_CMD?LCD_INIT

BL51 BANKED LINKER/LOCATER V6.22.4.0                                                  08/06/2025  23:48:28  PAGE 2


?PR?_CMD?LCD_INIT              -----    -----
  +--> ?PR?_DELAY?LCD_INIT

?PR?_PRINT?LCD_INIT            0008H    0003H
  +--> ?PR?_STR?LCD_INIT

?PR?_STR?LCD_INIT              -----    -----
  +--> ?PR?_DELAY?LCD_INIT



SYMBOL TABLE OF MODULE:  .\Objects\lcd_init (?C_STARTUP)

  VALUE           TYPE          NAME
  ----------------------------------

  -------         MODULE        ?C_STARTUP
  C:08A8H         SEGMENT       ?C_C51STARTUP
  I:000BH         SEGMENT       ?STACK
  C:0000H         PUBLIC        ?C_STARTUP
  D:00E0H         SYMBOL        ACC
  D:00F0H         SYMBOL        B
  D:0083H         SYMBOL        DPH
  D:0082H         SYMBOL        DPL
  N:0000H         SYMBOL        IBPSTACK
  N:0100H         SYMBOL        IBPSTACKTOP
  N:0080H         SYMBOL        IDATALEN
  C:08ABH         SYMBOL        IDATALOOP
  N:0000H         SYMBOL        PBPSTACK
  N:0100H         SYMBOL        PBPSTACKTOP
  N:0000H         SYMBOL        PDATALEN
  N:0000H         SYMBOL        PDATASTART
  N:0000H         SYMBOL        PPAGE
  N:0000H         SYMBOL        PPAGEENABLE
  D:00A0H         SYMBOL        PPAGE_SFR
  D:0081H         SYMBOL        SP
  C:08A8H         SYMBOL        STARTUP1
  N:0000H         SYMBOL        XBPSTACK
  N:0000H         SYMBOL        XBPSTACKTOP
  N:0000H         SYMBOL        XDATALEN
  N:0000H         SYMBOL        XDATASTART
  C:0000H         LINE#         126
  C:08A8H         LINE#         133
  C:08AAH         LINE#         134
  C:08ABH         LINE#         135
  C:08ACH         LINE#         136
  C:08AEH         LINE#         185
  C:08B1H         LINE#         196
  -------         ENDMOD        ?C_STARTUP

  -------         MODULE        LCD_INIT
  C:0000H         SYMBOL        _ICE_DUMMY_
  D:00A0H         PUBLIC        P2
  D:00B0H         PUBLIC        P3
  C:0806H         PUBLIC        _delay
  C:084BH         PUBLIC        main
  C:0826H         PUBLIC        _print
BL51 BANKED LINKER/LOCATER V6.22.4.0                                                  08/06/2025  23:48:28  PAGE 3


  C:08B4H         PUBLIC        _cmd
  C:0894H         PUBLIC        lcd_init
  B:00B0H.1       PUBLIC        en
  C:08BEH         PUBLIC        _str
  B:00B0H.0       PUBLIC        rs
  -------         PROC          L?0018
  -------         ENDPROC       L?0018
  -------         PROC          _DELAY
  D:0006H         SYMBOL        x
  -------         DO            
  D:0004H         SYMBOL        i
  D:0002H         SYMBOL        j
  -------         ENDDO         
  C:0806H         LINE#         14
  C:0806H         LINE#         16
  C:0810H         LINE#         17
  C:081EH         LINE#         18
  C:0825H         LINE#         19
  -------         ENDPROC       _DELAY
  -------         PROC          _CMD
  D:0007H         SYMBOL        a
  C:08B4H         LINE#         20
  C:08B4H         LINE#         21
  C:08B6H         LINE#         22
  C:08B8H         LINE#         23
  C:08B8H         LINE#         24
  C:08BBH         LINE#         25
  C:08BDH         LINE#         26
  -------         ENDPROC       _CMD
  -------         PROC          LCD_INIT
  C:0894H         LINE#         27
  C:0894H         LINE#         28
  C:0899H         LINE#         29
  C:089EH         LINE#         30
  C:08A3H         LINE#         31
  -------         ENDPROC       LCD_INIT
  -------         PROC          _PRINT
  D:0008H         SYMBOL        s
  C:0826H         LINE#         34
  C:082CH         LINE#         35
  C:0837H         LINE#         36
  C:0848H         LINE#         37
  C:084AH         LINE#         38
  -------         ENDPROC       _PRINT
  -------         PROC          _STR
  D:0007H         SYMBOL        b
  C:08BEH         LINE#         47
  C:08BEH         LINE#         48
  C:08C0H         LINE#         49
  C:08C2H         LINE#         50
  C:08C2H         LINE#         51
  C:08C5H         LINE#         52
  C:08C7H         LINE#         53
  -------         ENDPROC       _STR
  -------         PROC          MAIN
  C:084BH         LINE#         54
  C:084BH         LINE#         55
BL51 BANKED LINKER/LOCATER V6.22.4.0                                                  08/06/2025  23:48:28  PAGE 4


  C:084EH         LINE#         58
  C:0857H         LINE#         59
  C:085CH         LINE#         60
  -------         ENDPROC       MAIN
  -------         ENDMOD        LCD_INIT

  -------         MODULE        ?C?CLDPTR
  C:0865H         PUBLIC        ?C?CLDPTR
  -------         ENDMOD        ?C?CLDPTR

******************************************************************************
* RESTRICTED VERSION WITH 0800H BYTE CODE SIZE LIMIT; USED: 00B2H BYTE ( 8%) *
******************************************************************************

Program Size: data=12.0 xdata=0 code=203
LINK/LOCATE RUN COMPLETE.  0 WARNING(S),  0 ERROR(S)
